分类: 📺央视频道, 名称: CCTV-1, 有效: 5, IPv4: 41, IPv6: 0, 最小延迟: 53 ms, 最高速率: 7.72 M/s, 平均速率: 6.18 M/s, 最高分辨率: 1920x1080, 平均帧率: 33.12, 视频编解码器: h264, 音频编解码器: aac
分类: 📺央视频道, 名称: CCTV-2, 有效: 5, IPv4: 36, IPv6: 0, 最小延迟: 135 ms, 最高速率: 8.55 M/s, 平均速率: 6.44 M/s, 最高分辨率: 1920x1080, 平均帧率: 35.00, 视频编解码器: h264, 音频编解码器: aac
分类: 📺央视频道, 名称: CCTV-3, 有效: 5, IPv4: 37, IPv6: 0, 最小延迟: 120 ms, 最高速率: 7.90 M/s, 平均速率: 5.09 M/s, 最高分辨率: 1920x1080, 平均帧率: 34.29, 视频编解码器: h264, 音频编解码器: aac
分类: 📺央视频道, 名称: CCTV-4, 有效: 5, IPv4: 39, IPv6: 0, 最小延迟: 119 ms, 最高速率: 8.13 M/s, 平均速率: 5.91 M/s, 最高分辨率: 1920x1080, 平均帧率: 30.00, 视频编解码器: h264, 音频编解码器: aac
分类: 📺央视频道, 名称: CCTV-5, 有效: 5, IPv4: 39, IPv6: 0, 最小延迟: 129 ms, 最高速率: 10.47 M/s, 平均速率: 7.25 M/s, 最高分辨率: 1920x1080, 平均帧率: 31.67, 视频编解码器: h264, 音频编解码器: aac
分类: 📺央视频道, 名称: CCTV-5+, 有效: 3, IPv4: 33, IPv6: 0, 最小延迟: 316 ms, 最高速率: 9.97 M/s, 平均速率: 7.50 M/s, 最高分辨率: 1920x1080, 平均帧率: 29.17, 视频编解码器: h264, 音频编解码器: aac
分类: 📺央视频道, 名称: CCTV-6, 有效: 5, IPv4: 38, IPv6: 0, 最小延迟: 140 ms, 最高速率: 7.38 M/s, 平均速率: 5.23 M/s, 最高分辨率: 1920x1080, 平均帧率: 31.67, 视频编解码器: h264, 音频编解码器: aac
分类: 📺央视频道, 名称: CCTV-7, 有效: 5, IPv4: 37, IPv6: 0, 最小延迟: 120 ms, 最高速率: 7.68 M/s, 平均速率: 6.24 M/s, 最高分辨率: 1920x1080, 平均帧率: 36.88, 视频编解码器: h264, 音频编解码器: aac
分类: 📺央视频道, 名称: CCTV-8, 有效: 5, IPv4: 38, IPv6: 0, 最小延迟: 135 ms, 最高速率: 7.76 M/s, 平均速率: 6.40 M/s, 最高分辨率: 1920x1080, 平均帧率: 35.00, 视频编解码器: h264, 音频编解码器: aac
分类: 📺央视频道, 名称: CCTV-9, 有效: 5, IPv4: 40, IPv6: 0, 最小延迟: 140 ms, 最高速率: 7.91 M/s, 平均速率: 6.16 M/s, 最高分辨率: 1920x1080, 平均帧率: 34.29, 视频编解码器: h264, 音频编解码器: aac
分类: 📺央视频道, 名称: CCTV-10, 有效: 5, IPv4: 39, IPv6: 0, 最小延迟: 123 ms, 最高速率: 7.85 M/s, 平均速率: 7.23 M/s, 最高分辨率: 1920x1080, 平均帧率: 32.50, 视频编解码器: h264, 音频编解码器: aac
分类: 📺央视频道, 名称: CCTV-11, 有效: 5, IPv4: 37, IPv6: 0, 最小延迟: 59 ms, 最高速率: 7.71 M/s, 平均速率: 6.14 M/s, 最高分辨率: 1920x1080, 平均帧率: 34.38, 视频编解码器: h264, 音频编解码器: aac
分类: 📺央视频道, 名称: CCTV-12, 有效: 5, IPv4: 34, IPv6: 0, 最小延迟: 124 ms, 最高速率: 8.12 M/s, 平均速率: 5.65 M/s, 最高分辨率: 1920x1080, 平均帧率: 31.67, 视频编解码器: h264, 音频编解码器: aac
分类: 📺央视频道, 名称: CCTV-13, 有效: 5, IPv4: 41, IPv6: 0, 最小延迟: 124 ms, 最高速率: 10.78 M/s, 平均速率: 7.11 M/s, 最高分辨率: 1920x1080, 平均帧率: 30.71, 视频编解码器: h264, 音频编解码器: aac
分类: 📺央视频道, 名称: CCTV-14, 有效: 5, IPv4: 34, IPv6: 0, 最小延迟: 137 ms, 最高速率: 9.36 M/s, 平均速率: 6.59 M/s, 最高分辨率: 1920x1080, 平均帧率: 31.67, 视频编解码器: h264, 音频编解码器: aac
分类: 📺央视频道, 名称: CCTV-15, 有效: 5, IPv4: 34, IPv6: 0, 最小延迟: 122 ms, 最高速率: 7.96 M/s, 平均速率: 6.44 M/s, 最高分辨率: 1920x1080, 平均帧率: 28.00, 视频编解码器: h264, 音频编解码器: aac
分类: 📺央视频道, 名称: CCTV-16, 有效: 5, IPv4: 32, IPv6: 0, 最小延迟: 141 ms, 最高速率: 11.67 M/s, 平均速率: 5.69 M/s, 最高分辨率: 1920x1080, 平均帧率: 26.00, 视频编解码器: h264, 音频编解码器: aac
分类: 📺央视频道, 名称: CCTV-17, 有效: 5, IPv4: 37, IPv6: 0, 最小延迟: 128 ms, 最高速率: 7.47 M/s, 平均速率: 6.22 M/s, 最高分辨率: 1920x1080, 平均帧率: 28.00, 视频编解码器: h264, 音频编解码器: aac
分类: 📺央视频道, 名称: CETV-1, 有效: 2, IPv4: 11, IPv6: 0, 最小延迟: 151 ms, 最高速率: 7.07 M/s, 平均速率: 6.87 M/s, 最高分辨率: 1920x1080, 平均帧率: 30.00, 视频编解码器: h264, 音频编解码器: aac
分类: 📺央视频道, 名称: CETV-3, 有效: 0, IPv4: 2, IPv6: 0, 最小延迟: -1 ms, 最高速率: 0.00 M/s, 平均速率: 0.00 M/s, 最高分辨率: None, 平均帧率: 未知, 视频编解码器: 未知, 音频编解码器: 未知
分类: 📺央视频道, 名称: CETV-2, 有效: 2, IPv4: 7, IPv6: 0, 最小延迟: 127 ms, 最高速率: 8.63 M/s, 平均速率: 7.71 M/s, 最高分辨率: 1920x1080, 平均帧率: 30.00, 视频编解码器: h264, 音频编解码器: aac
分类: 📺央视频道, 名称: CETV-4, 有效: 0, IPv4: 5, IPv6: 0, 最小延迟: -1 ms, 最高速率: 0.00 M/s, 平均速率: 0.00 M/s, 最高分辨率: None, 平均帧率: 未知, 视频编解码器: 未知, 音频编解码器: 未知
分类: 📡卫视频道, 名称: 广东卫视, 有效: 5, IPv4: 32, IPv6: 0, 最小延迟: 140 ms, 最高速率: 44.96 M/s, 平均速率: 14.81 M/s, 最高分辨率: 1920x1080, 平均帧率: 27.14, 视频编解码器: h264, 音频编解码器: aac
分类: 📡卫视频道, 名称: 香港卫视, 有效: 0, IPv4: 1, IPv6: 0, 最小延迟: -1 ms, 最高速率: 0.00 M/s, 平均速率: 0.00 M/s, 最高分辨率: None, 平均帧率: 未知, 视频编解码器: 未知, 音频编解码器: 未知
分类: 📡卫视频道, 名称: 浙江卫视, 有效: 5, IPv4: 36, IPv6: 0, 最小延迟: 123 ms, 最高速率: 10.87 M/s, 平均速率: 5.69 M/s, 最高分辨率: 1920x1080, 平均帧率: 25.91, 视频编解码器: h264, 音频编解码器: aac
分类: 📡卫视频道, 名称: 湖南卫视, 有效: 5, IPv4: 37, IPv6: 0, 最小延迟: 140 ms, 最高速率: 11.81 M/s, 平均速率: 7.62 M/s, 最高分辨率: 3840x2160, 平均帧率: 29.38, 视频编解码器: h264, 音频编解码器: aac
分类: 📡卫视频道, 名称: 北京卫视, 有效: 5, IPv4: 39, IPv6: 0, 最小延迟: 82 ms, 最高速率: 7.46 M/s, 平均速率: 4.47 M/s, 最高分辨率: 1920x1080, 平均帧率: 31.67, 视频编解码器: h264, 音频编解码器: aac
分类: 📡卫视频道, 名称: 湖北卫视, 有效: 5, IPv4: 34, IPv6: 0, 最小延迟: 132 ms, 最高速率: 11.13 M/s, 平均速率: 7.92 M/s, 最高分辨率: 1920x1080, 平均帧率: 35.00, 视频编解码器: h264, 音频编解码器: aac
分类: 📡卫视频道, 名称: 黑龙江卫视, 有效: 5, IPv4: 29, IPv6: 0, 最小延迟: 134 ms, 最高速率: 10.12 M/s, 平均速率: 7.90 M/s, 最高分辨率: 1920x1080, 平均帧率: 35.00, 视频编解码器: h264, 音频编解码器: aac
分类: 📡卫视频道, 名称: 安徽卫视, 有效: 5, IPv4: 30, IPv6: 0, 最小延迟: 131 ms, 最高速率: 7.38 M/s, 平均速率: 6.96 M/s, 最高分辨率: 1920x1080, 平均帧率: 33.75, 视频编解码器: h264, 音频编解码器: aac
分类: 📡卫视频道, 名称: 重庆卫视, 有效: 5, IPv4: 33, IPv6: 0, 最小延迟: 135 ms, 最高速率: 9.06 M/s, 平均速率: 7.56 M/s, 最高分辨率: 1920x1080, 平均帧率: 33.12, 视频编解码器: h264, 音频编解码器: aac
分类: 📡卫视频道, 名称: 东方卫视, 有效: 5, IPv4: 38, IPv6: 0, 最小延迟: 141 ms, 最高速率: 7.47 M/s, 平均速率: 3.22 M/s, 最高分辨率: 1920x1080, 平均帧率: 32.00, 视频编解码器: h264, 音频编解码器: aac
分类: 📡卫视频道, 名称: 东南卫视, 有效: 5, IPv4: 33, IPv6: 0, 最小延迟: 118 ms, 最高速率: 8.95 M/s, 平均速率: 6.59 M/s, 最高分辨率: 1920x1080, 平均帧率: 32.50, 视频编解码器: h264, 音频编解码器: aac
分类: 📡卫视频道, 名称: 甘肃卫视, 有效: 5, IPv4: 24, IPv6: 0, 最小延迟: 118 ms, 最高速率: 8.16 M/s, 平均速率: 7.58 M/s, 最高分辨率: 1920x1080, 平均帧率: 33.33, 视频编解码器: h264, 音频编解码器: aac
分类: 📡卫视频道, 名称: 广西卫视, 有效: 5, IPv4: 27, IPv6: 0, 最小延迟: 131 ms, 最高速率: 11.99 M/s, 平均速率: 9.40 M/s, 最高分辨率: 1920x1080, 平均帧率: 33.12, 视频编解码器: h264, 音频编解码器: aac
分类: 📡卫视频道, 名称: 贵州卫视, 有效: 5, IPv4: 29, IPv6: 0, 最小延迟: 118 ms, 最高速率: 11.33 M/s, 平均速率: 8.07 M/s, 最高分辨率: 1920x1080, 平均帧率: 32.50, 视频编解码器: h264, 音频编解码器: aac
分类: 📡卫视频道, 名称: 海南卫视, 有效: 5, IPv4: 28, IPv6: 0, 最小延迟: 110 ms, 最高速率: 8.65 M/s, 平均速率: 7.63 M/s, 最高分辨率: 1920x1080, 平均帧率: 31.25, 视频编解码器: h264, 音频编解码器: aac
分类: 📡卫视频道, 名称: 河北卫视, 有效: 5, IPv4: 29, IPv6: 0, 最小延迟: 110 ms, 最高速率: 8.38 M/s, 平均速率: 7.51 M/s, 最高分辨率: 1920x1080, 平均帧率: 37.50, 视频编解码器: h264, 音频编解码器: aac
分类: 📡卫视频道, 名称: 河南卫视, 有效: 5, IPv4: 33, IPv6: 0, 最小延迟: 124 ms, 最高速率: 8.63 M/s, 平均速率: 7.80 M/s, 最高分辨率: 1920x1080, 平均帧率: 35.00, 视频编解码器: h264, 音频编解码器: aac
分类: 📡卫视频道, 名称: 吉林卫视, 有效: 5, IPv4: 31, IPv6: 0, 最小延迟: 121 ms, 最高速率: 12.06 M/s, 平均速率: 8.71 M/s, 最高分辨率: 1920x1080, 平均帧率: 28.33, 视频编解码器: h264, 音频编解码器: aac
分类: 📡卫视频道, 名称: 江苏卫视, 有效: 5, IPv4: 36, IPv6: 0, 最小延迟: 120 ms, 最高速率: 7.95 M/s, 平均速率: 6.42 M/s, 最高分辨率: 1920x1080, 平均帧率: 35.71, 视频编解码器: h264, 音频编解码器: aac
分类: 📡卫视频道, 名称: 江西卫视, 有效: 5, IPv4: 32, IPv6: 0, 最小延迟: 133 ms, 最高速率: 11.76 M/s, 平均速率: 8.00 M/s, 最高分辨率: 1920x1080, 平均帧率: 36.88, 视频编解码器: h264, 音频编解码器: aac
分类: 📡卫视频道, 名称: 辽宁卫视, 有效: 5, IPv4: 31, IPv6: 0, 最小延迟: 134 ms, 最高速率: 8.78 M/s, 平均速率: 7.78 M/s, 最高分辨率: 1920x1080, 平均帧率: 35.00, 视频编解码器: h264, 音频编解码器: aac
分类: 📡卫视频道, 名称: 内蒙古卫视, 有效: 5, IPv4: 24, IPv6: 0, 最小延迟: 128 ms, 最高速率: 8.24 M/s, 平均速率: 7.69 M/s, 最高分辨率: 1920x1080, 平均帧率: 28.57, 视频编解码器: h264, 音频编解码器: aac
分类: 📡卫视频道, 名称: 宁夏卫视, 有效: 5, IPv4: 23, IPv6: 0, 最小延迟: 139 ms, 最高速率: 10.93 M/s, 平均速率: 8.25 M/s, 最高分辨率: 1920x1080, 平均帧率: 29.00, 视频编解码器: h264, 音频编解码器: aac
分类: 📡卫视频道, 名称: 青海卫视, 有效: 5, IPv4: 23, IPv6: 0, 最小延迟: 130 ms, 最高速率: 9.05 M/s, 平均速率: 7.87 M/s, 最高分辨率: 1920x1080, 平均帧率: 29.00, 视频编解码器: h264, 音频编解码器: aac
分类: 📡卫视频道, 名称: 山东卫视, 有效: 5, IPv4: 31, IPv6: 0, 最小延迟: 124 ms, 最高速率: 10.39 M/s, 平均速率: 7.93 M/s, 最高分辨率: 1920x1080, 平均帧率: 32.50, 视频编解码器: h264, 音频编解码器: aac
分类: 📡卫视频道, 名称: 山西卫视, 有效: 4, IPv4: 15, IPv6: 0, 最小延迟: 121 ms, 最高速率: 7.61 M/s, 平均速率: 7.20 M/s, 最高分辨率: 1920x1080, 平均帧率: 28.33, 视频编解码器: h264, 音频编解码器: aac
分类: 📡卫视频道, 名称: 陕西卫视, 有效: 5, IPv4: 24, IPv6: 0, 最小延迟: 130 ms, 最高速率: 12.68 M/s, 平均速率: 8.84 M/s, 最高分辨率: 1920x1080, 平均帧率: 29.00, 视频编解码器: h264, 音频编解码器: aac
分类: 📡卫视频道, 名称: 四川卫视, 有效: 5, IPv4: 28, IPv6: 0, 最小延迟: 72 ms, 最高速率: 9.13 M/s, 平均速率: 8.47 M/s, 最高分辨率: 1920x1080, 平均帧率: 33.75, 视频编解码器: h264, 音频编解码器: aac
分类: 📡卫视频道, 名称: 深圳卫视, 有效: 5, IPv4: 29, IPv6: 0, 最小延迟: 126 ms, 最高速率: 10.38 M/s, 平均速率: 6.69 M/s, 最高分辨率: 1920x1080, 平均帧率: 30.62, 视频编解码器: h264, 音频编解码器: aac
分类: 📡卫视频道, 名称: 三沙卫视, 有效: 5, IPv4: 14, IPv6: 0, 最小延迟: 145 ms, 最高速率: 7.29 M/s, 平均速率: 6.72 M/s, 最高分辨率: 1920x1080, 平均帧率: 29.00, 视频编解码器: h264, 音频编解码器: aac
分类: 📡卫视频道, 名称: 天津卫视, 有效: 5, IPv4: 32, IPv6: 0, 最小延迟: 139 ms, 最高速率: 8.71 M/s, 平均速率: 7.48 M/s, 最高分辨率: 1920x1080, 平均帧率: 29.00, 视频编解码器: h264, 音频编解码器: aac
分类: 📡卫视频道, 名称: 西藏卫视, 有效: 5, IPv4: 18, IPv6: 0, 最小延迟: 122 ms, 最高速率: 8.34 M/s, 平均速率: 7.65 M/s, 最高分辨率: 1920x1080, 平均帧率: 33.33, 视频编解码器: h264, 音频编解码器: aac
分类: 📡卫视频道, 名称: 新疆卫视, 有效: 5, IPv4: 20, IPv6: 0, 最小延迟: 55 ms, 最高速率: 10.52 M/s, 平均速率: 8.53 M/s, 最高分辨率: 1920x1080, 平均帧率: 28.57, 视频编解码器: h264, 音频编解码器: aac
分类: 📡卫视频道, 名称: 云南卫视, 有效: 5, IPv4: 25, IPv6: 0, 最小延迟: 119 ms, 最高速率: 8.90 M/s, 平均速率: 7.94 M/s, 最高分辨率: 1920x1080, 平均帧率: 30.62, 视频编解码器: h264, 音频编解码器: aac
分类: ☘️广东频道, 名称: 广东珠江, 有效: 5, IPv4: 36, IPv6: 0, 最小延迟: 155 ms, 最高速率: 17.32 M/s, 平均速率: 6.68 M/s, 最高分辨率: 1920x1080, 平均帧率: 27.00, 视频编解码器: h264, 音频编解码器: aac
分类: ☘️广东频道, 名称: 广东体育, 有效: 2, IPv4: 30, IPv6: 0, 最小延迟: 262 ms, 最高速率: 11.69 M/s, 平均速率: 6.15 M/s, 最高分辨率: 1920x1080, 平均帧率: 35.71, 视频编解码器: h264, 音频编解码器: mp2
分类: ☘️广东频道, 名称: 广东新闻, 有效: 5, IPv4: 22, IPv6: 0, 最小延迟: 283 ms, 最高速率: 6.48 M/s, 平均速率: 5.08 M/s, 最高分辨率: 1280x720, 平均帧率: 25.00, 视频编解码器: h264, 音频编解码器: aac
分类: ☘️广东频道, 名称: 广东民生, 有效: 4, IPv4: 17, IPv6: 0, 最小延迟: 228 ms, 最高速率: 5.76 M/s, 平均速率: 4.46 M/s, 最高分辨率: 1920x1080, 平均帧率: 25.00, 视频编解码器: h264, 音频编解码器: aac
分类: ☘️广东频道, 名称: 大湾区卫视, 有效: 4, IPv4: 19, IPv6: 0, 最小延迟: 121 ms, 最高速率: 8.51 M/s, 平均速率: 7.59 M/s, 最高分辨率: 1920x1080, 平均帧率: 29.00, 视频编解码器: h264, 音频编解码器: aac
分类: ☘️广东频道, 名称: 广州影视, 有效: 0, IPv4: 7, IPv6: 0, 最小延迟: -1 ms, 最高速率: 0.00 M/s, 平均速率: 0.00 M/s, 最高分辨率: None, 平均帧率: 未知, 视频编解码器: 未知, 音频编解码器: 未知
分类: ☘️广东频道, 名称: 广州综合, 有效: 3, IPv4: 13, IPv6: 0, 最小延迟: 1864 ms, 最高速率: 0.48 M/s, 平均速率: 0.43 M/s, 最高分辨率: 1280x720, 平均帧率: 25.00, 视频编解码器: h264, 音频编解码器: aac
分类: ☘️广东频道, 名称: 江门综合, 有效: 0, IPv4: 3, IPv6: 0, 最小延迟: -1 ms, 最高速率: 0.00 M/s, 平均速率: 0.00 M/s, 最高分辨率: None, 平均帧率: 未知, 视频编解码器: 未知, 音频编解码器: 未知
分类: ☘️广东频道, 名称: 江门侨乡生活, 有效: 0, IPv4: 3, IPv6: 0, 最小延迟: -1 ms, 最高速率: 0.00 M/s, 平均速率: 0.00 M/s, 最高分辨率: None, 平均帧率: 未知, 视频编解码器: 未知, 音频编解码器: 未知
分类: ☘️广东频道, 名称: 广州竞赛, 有效: 0, IPv4: 8, IPv6: 0, 最小延迟: 456 ms, 最高速率: 0.00 M/s, 平均速率: 0.00 M/s, 最高分辨率: 1280x720, 平均帧率: 25.00, 视频编解码器: h264, 音频编解码器: aac
分类: ☘️广东频道, 名称: 佛山综合, 有效: 0, IPv4: 4, IPv6: 0, 最小延迟: -1 ms, 最高速率: 0.00 M/s, 平均速率: 0.00 M/s, 最高分辨率: None, 平均帧率: 未知, 视频编解码器: 未知, 音频编解码器: 未知
分类: ☘️广东频道, 名称: 汕头综合, 有效: 0, IPv4: 4, IPv6: 0, 最小延迟: -1 ms, 最高速率: 0.00 M/s, 平均速率: 0.00 M/s, 最高分辨率: None, 平均帧率: 未知, 视频编解码器: 未知, 音频编解码器: 未知
分类: ☘️广东频道, 名称: 汕头经济, 有效: 0, IPv4: 4, IPv6: 0, 最小延迟: -1 ms, 最高速率: 0.00 M/s, 平均速率: 0.00 M/s, 最高分辨率: None, 平均帧率: 未知, 视频编解码器: 未知, 音频编解码器: 未知
分类: ☘️广东频道, 名称: 汕头文旅, 有效: 0, IPv4: 5, IPv6: 0, 最小延迟: -1 ms, 最高速率: 0.00 M/s, 平均速率: 0.00 M/s, 最高分辨率: None, 平均帧率: 未知, 视频编解码器: 未知, 音频编解码器: 未知
分类: ☘️广东频道, 名称: 茂名综合, 有效: 0, IPv4: 4, IPv6: 0, 最小延迟: -1 ms, 最高速率: 0.00 M/s, 平均速率: 0.00 M/s, 最高分辨率: None, 平均帧率: 未知, 视频编解码器: 未知, 音频编解码器: 未知
分类: ☘️广东频道, 名称: 茂名公共, 有效: 0, IPv4: 4, IPv6: 0, 最小延迟: -1 ms, 最高速率: 0.00 M/s, 平均速率: 0.00 M/s, 最高分辨率: None, 平均帧率: 未知, 视频编解码器: 未知, 音频编解码器: 未知
